MySQL Shell 8.0.38

Copyright (c) 2016, 2024, Oracle and/or its affiliates.
Oracle is a registered trademark of Oracle Corporation and/or its affiliates.
Other names may be trademarks of their respective owners.

Type '\help' or '\?' for help; '\quit' to exit.
 MySQL  JS > \sq;
Unknown command: '\sq;'
 MySQL  JS > /sql
SyntaxError: Invalid regular expression: missing /
 MySQL  JS > \sql
Switching to SQL mode... Commands end with ;
 MySQL  SQL > \connect --mc root@localhost
Creating a Classic session to 'root@localhost'
Fetching global names for auto-completion... Press ^C to stop.
Your MySQL connection id is 17
Server version: 8.0.39 MySQL Community Server - GPL
No default schema selected; type \use <schema> to set one.
 MySQL  localhost:3306 ssl  SQL > use tbd_e3;
Default schema set to `tbd_e3`.
Fetching global names, object names from `tbd_e3` for auto-completion... Press ^C to stop.
 MySQL  localhost:3306 ssl  tbd_e3  SQL > create table personas(
                                       -> id int primary key auto_increment,
                                       -> nombre varchar(20) not null,
                                       -> apellido_pat varchar(30) not null,
                                       -> apellido_mat varchar(30),
                                       -> fecha_nac date,
                                       -> clave_rfc varchar(15));
Query OK, 0 rows affected (0.0952 sec)
 MySQL  localhost:3306 ssl  tbd_e3  SQL > insert into personas
                                       -> values ('Danna', 'Lopez', 'Flores')
  ^C                                      values ('Danna', 'Lopez', 'Flores.')
 MySQL  localhost:3306 ssl  tbd_e3  SQL > values ('Danna', 'Lopez', 'Flores.')
 MySQL  localhost:3306 ssl  tbd_e3  SQL >
 MySQL  localhost:3306 ssl  tbd_e3  SQL > insert into personas
                                       -> values ('Danna', 'Lopez', 'Flores', 2003-02-23),
                                       -> ('Diego', 'Quiros', 2004-03-16),
                                       -> ('Victor', 'Gomez', 'Gonzalez', 2003-09-06);
ERROR: 1136 (21S01): Column count doesn't match value count at row 1
 MySQL  localhost:3306 ssl  tbd_e3  SQL > insert into personas (nombre, apellido_pat, apellido_mat, fecha_nac) values ('Danna', 'Lopez', 'Flores', 2003-02-23), ('Diego', 'Quiros', 2004-03-16), ('Victor', 'Gomez', 'Gonzalez', 2003-09-06);
ERROR: 1136 (21S01): Column count doesn't match value count at row 2
 MySQL  localhost:3306 ssl  tbd_e3  SQL > insert into personas (nombre, apellido_pat, apellido_mat, fecha_nac) values ('Danna', 'Lopez', 'Flores', 2003-02-23), ('Diego', 'Quiros', NULL,2004-03-16), ('Victor', 'Gomez', 'Gonzalez', 2003-09-06);
ERROR: 1292 (22007): Incorrect date value: '1978' for column 'fecha_nac' at row 1
 MySQL  localhost:3306 ssl  tbd_e3  SQL > insert into personas (nombre, apellido_pat, apellido_mat, fecha_nac) values ('Danna', 'Lopez', 'Flores', '2003-02-23'), ('Diego', 'Quiros', NULL,'2004-03-16'), ('Victor', 'Gomez', 'Gonzalez', '2003-09-06)';
ERROR: 1064 (42000): You have an error in your SQL syntax; check the manual that corresponds to your MySQL server version for the right syntax to use near '' at line 1
 MySQL  localhost:3306 ssl  tbd_e3  SQL > insert into personas (nombre, apellido_pat, apellido_mat, fecha_nac) values ('Danna', 'Lopez', 'Flores', '2003-02-23'), ('Diego', 'Quiros', NULL,'2004-03-16'), ('Victor', 'Gomez', 'Gonzalez', '2003-09-06');
Query OK, 3 rows affected (0.0091 sec)

Records: 3  Duplicates: 0  Warnings: 0
 MySQL  localhost:3306 ssl  tbd_e3  SQL > select * from personas;
+----+--------+--------------+--------------+------------+-----------+
| id | nombre | apellido_pat | apellido_mat | fecha_nac  | clave_rfc |
+----+--------+--------------+--------------+------------+-----------+
|  1 | Danna  | Lopez        | Flores       | 2003-02-23 | NULL      |
|  2 | Diego  | Quiros       | NULL         | 2004-03-16 | NULL      |
|  3 | Victor | Gomez        | Gonzalez     | 2003-09-06 | NULL      |
+----+--------+--------------+--------------+------------+-----------+
3 rows in set (0.0009 sec)
 MySQL  localhost:3306 ssl  tbd_e3  SQL >

///

MySQL Shell 8.0.38

Copyright (c) 2016, 2024, Oracle and/or its affiliates.
Oracle is a registered trademark of Oracle Corporation and/or its affiliates.
Other names may be trademarks of their respective owners.

Type '\help' or '\?' for help; '\quit' to exit.
 MySQL  JS > \SQL
Unknown command: '\SQL'
 MySQL  JS > \sql
Switching to SQL mode... Commands end with ;
 MySQL  SQL > \connect --mc root@localhost
Creating a Classic session to 'root@localhost'
Fetching global names for auto-completion... Press ^C to stop.
Your MySQL connection id is 31
Server version: 8.0.39 MySQL Community Server - GPL
No default schema selected; type \use <schema> to set one.
 MySQL  localhost:3306 ssl  SQL > use tbd_e3;
Default schema set to `tbd_e3`.
Fetching global names, object names from `tbd_e3` for auto-completion... Press ^C to stop.
 MySQL  localhost:3306 ssl  tbd_e3  SQL > show tables;
+------------------+
| Tables_in_tbd_e3 |
+------------------+
| bitacora         |
| personas         |
| productos        |
| prueba           |
| pruebas          |
+------------------+
5 rows in set (0.0022 sec)
 MySQL  localhost:3306 ssl  tbd_e3  SQL > select * from personas;
+----+--------+--------------+--------------+------------+-----------+
| id | nombre | apellido_pat | apellido_mat | fecha_nac  | clave_rfc |
+----+--------+--------------+--------------+------------+-----------+
|  1 | Danna  | Lopez        | Flores       | 2003-02-23 | NULL      |
|  2 | Diego  | Quiros       | NULL         | 2004-03-16 | NULL      |
|  3 | Victor | Gomez        | Gonzalez     | 2003-09-06 | NULL      |
+----+--------+--------------+--------------+------------+-----------+
3 rows in set (0.0013 sec)
 MySQL  localhost:3306 ssl  tbd_e3  SQL > insert into personas(nombre, apellido_pat, apellido_mat, fecha_nac) value ('Alan', 'Rivas', NULL, '2003-12-24');
Query OK, 1 row affected (0.0063 sec)
 MySQL  localhost:3306 ssl  tbd_e3  SQL > select * from personas;
+----+--------+--------------+--------------+------------+-----------+
| id | nombre | apellido_pat | apellido_mat | fecha_nac  | clave_rfc |
+----+--------+--------------+--------------+------------+-----------+
|  1 | Danna  | Lopez        | Flores       | 2003-02-23 | NULL      |
|  2 | Diego  | Quiros       | NULL         | 2004-03-16 | NULL      |
|  3 | Victor | Gomez        | Gonzalez     | 2003-09-06 | NULL      |
|  4 | Alan   | Rivas        | NULL         | 2003-12-24 | NULL      |
+----+--------+--------------+--------------+------------+-----------+
4 rows in set (0.0006 sec)
 MySQL  localhost:3306 ssl  tbd_e3  SQL > DESC PERSONAS;
+--------------+-------------+------+-----+---------+----------------+
| Field        | Type        | Null | Key | Default | Extra          |
+--------------+-------------+------+-----+---------+----------------+
| id           | int         | NO   | PRI | NULL    | auto_increment |
| nombre       | varchar(20) | NO   |     | NULL    |                |
| apellido_pat | varchar(30) | NO   |     | NULL    |                |
| apellido_mat | varchar(30) | YES  |     | NULL    |                |
| fecha_nac    | date        | YES  |     | NULL    |                |
| clave_rfc    | varchar(15) | YES  |     | NULL    |                |
+--------------+-------------+------+-----+---------+----------------+
6 rows in set (0.0018 sec)
 MySQL  localhost:3306 ssl  tbd_e3  SQL > call generar_rfc();
Query OK, 0 rows affected (0.0180 sec)
 MySQL  localhost:3306 ssl  tbd_e3  SQL > select * from personas;
+----+--------+--------------+--------------+------------+--------------+
| id | nombre | apellido_pat | apellido_mat | fecha_nac  | clave_rfc    |
+----+--------+--------------+--------------+------------+--------------+
|  1 | Danna  | Lopez        | Flores       | 2003-02-23 | LOFD20030223 |
|  2 | Diego  | Quiros       | NULL         | 2004-03-16 | NULL         |
|  3 | Victor | Gomez        | Gonzalez     | 2003-09-06 | GOGV20030906 |
|  4 | Alan   | Rivas        | NULL         | 2003-12-24 | NULL         |
+----+--------+--------------+--------------+------------+--------------+
4 rows in set (0.0009 sec)
 MySQL  localhost:3306 ssl  tbd_e3  SQL > call generar_rfc();
Query OK, 0 rows affected (0.0147 sec)
 MySQL  localhost:3306 ssl  tbd_e3  SQL > select * from personas;
+----+--------+--------------+--------------+------------+--------------+
| id | nombre | apellido_pat | apellido_mat | fecha_nac  | clave_rfc    |
+----+--------+--------------+--------------+------------+--------------+
|  1 | Danna  | Lopez        | Flores       | 2003-02-23 | LOFD20030223 |
|  2 | Diego  | Quiros       | NULL         | 2004-03-16 | QUXD20040316 |
|  3 | Victor | Gomez        | Gonzalez     | 2003-09-06 | GOGV20030906 |
|  4 | Alan   | Rivas        | NULL         | 2003-12-24 | RIXA20031224 |
+----+--------+--------------+--------------+------------+--------------+
4 rows in set (0.0007 sec)
 MySQL  localhost:3306 ssl  tbd_e3  SQL > desc personas;
+--------------+-------------+------+-----+---------+----------------+
| Field        | Type        | Null | Key | Default | Extra          |
+--------------+-------------+------+-----+---------+----------------+
| id           | int         | NO   | PRI | NULL    | auto_increment |
| nombre       | varchar(20) | NO   |     | NULL    |                |
| apellido_pat | varchar(30) | NO   |     | NULL    |                |
| apellido_mat | varchar(30) | YES  |     | NULL    |                |
| fecha_nac    | date        | YES  |     | NULL    |                |
| clave_rfc    | varchar(15) | YES  |     | NULL    |                |
+--------------+-------------+------+-----+---------+----------------+
6 rows in set (0.0020 sec)
 MySQL  localhost:3306 ssl  tbd_e3  SQL > alter table personas
                                       -> modify column clave_rfc varchar(13);
Query OK, 4 rows affected (0.0795 sec)

Records: 4  Duplicates: 0  Warnings: 0
 MySQL  localhost:3306 ssl  tbd_e3  SQL > desc personas;
+--------------+-------------+------+-----+---------+----------------+
| Field        | Type        | Null | Key | Default | Extra          |
+--------------+-------------+------+-----+---------+----------------+
| id           | int         | NO   | PRI | NULL    | auto_increment |
| nombre       | varchar(20) | NO   |     | NULL    |                |
| apellido_pat | varchar(30) | NO   |     | NULL    |                |
| apellido_mat | varchar(30) | YES  |     | NULL    |                |
| fecha_nac    | date        | YES  |     | NULL    |                |
| clave_rfc    | varchar(13) | YES  |     | NULL    |                |
+--------------+-------------+------+-----+---------+----------------+
6 rows in set (0.0018 sec)
 MySQL  localhost:3306 ssl  tbd_e3  SQL > select * from personas;
+----+--------+--------------+--------------+------------+--------------+
| id | nombre | apellido_pat | apellido_mat | fecha_nac  | clave_rfc    |
+----+--------+--------------+--------------+------------+--------------+
|  1 | Danna  | Lopez        | Flores       | 2003-02-23 | LOFD20030223 |
|  2 | Diego  | Quiros       | NULL         | 2004-03-16 | QUXD20040316 |
|  3 | Victor | Gomez        | Gonzalez     | 2003-09-06 | GOGV20030906 |
|  4 | Alan   | Rivas        | NULL         | 2003-12-24 | RIXA20031224 |
+----+--------+--------------+--------------+------------+--------------+
4 rows in set (0.0007 sec)
 MySQL  localhost:3306 ssl  tbd_e3  SQL >